// Jest Snapshot v1, https://goo.gl/fbAQLP

exports[`Additem Component renders is 1`] = `
<Additem
  i18n={
    Object {
      "language": "en",
      "languages": Array [
        "en",
        "dev",
      ],
      "options": Object {
        "appendNamespaceToCIMode": false,
        "appendNamespaceToMissingKey": false,
        "contextSeparator": "_",
        "debug": false,
        "defaultNS": Array [
          "translation",
        ],
        "fallbackLng": Array [
          "dev",
        ],
        "fallbackNS": false,
        "ignoreJSONStructure": true,
        "initImmediate": true,
        "interpolation": Object {
          "escapeValue": true,
          "format": [Function],
          "formatSeparator": ",",
          "maxReplaces": 1000,
          "nestingOptionsSeparator": ",",
          "nestingPrefix": "$t(",
          "nestingSuffix": ")",
          "prefix": "{{",
          "skipOnVariables": true,
          "suffix": "}}",
          "unescapePrefix": "-",
        },
        "joinArrays": false,
        "keySeparator": ".",
        "load": "all",
        "missingInterpolationHandler": false,
        "missingKeyHandler": false,
        "nonExplicitSupportedLngs": false,
        "ns": Array [
          "translation",
        ],
        "nsSeparator": ":",
        "overloadTranslationOptionHandler": [Function],
        "parseMissingKeyHandler": false,
        "partialBundledLanguages": false,
        "pluralSeparator": "_",
        "postProcess": false,
        "postProcessPassResolved": false,
        "preload": false,
        "resources": Object {
          "en": Object {
            "translation": Object {
              "addbutton": "Add",
              "appname": "Todo App",
              "deletebutton": "Delete",
              "errormsg": "Please enter some statements.",
              "inputlabel": "Enter the Todo Item:",
              "langEN": "English",
              "langFR": "Français",
            },
          },
          "fr": Object {
            "translation": Object {
              "addbutton": "Ajouter",
              "appname": "Application à faire",
              "deletebutton": "Effacer",
              "errormsg": "Veuillez entrer quelques déclarations.",
              "inputlabel": "Entrez l'élément Todo:",
              "langEN": "English",
              "langFR": "Français",
            },
          },
        },
        "returnEmptyString": true,
        "returnNull": true,
        "returnObjects": false,
        "returnedObjectHandler": false,
        "saveMissing": false,
        "saveMissingPlurals": true,
        "saveMissingTo": "fallback",
        "simplifyPluralSuffix": true,
        "supportedLngs": false,
        "updateMissing": false,
      },
      "resolvedLanguage": "en",
      "store": Object {
        "en": Object {
          "translation": Object {
            "addbutton": "Add",
            "appname": "Todo App",
            "deletebutton": "Delete",
            "errormsg": "Please enter some statements.",
            "inputlabel": "Enter the Todo Item:",
            "langEN": "English",
            "langFR": "Français",
          },
        },
        "fr": Object {
          "translation": Object {
            "addbutton": "Ajouter",
            "appname": "Application à faire",
            "deletebutton": "Effacer",
            "errormsg": "Veuillez entrer quelques déclarations.",
            "inputlabel": "Entrez l'élément Todo:",
            "langEN": "English",
            "langFR": "Français",
          },
        },
      },
    }
  }
  parentCallback={[Function]}
  t={[Function]}
  tReady={true}
/>
`;
